update-alternatives 2026-05-21 15:18:52: run with --install /usr/bin/awk awk /usr/bin/mawk 5 --slave /usr/share/man/man1/awk.1.gz awk.1.gz /usr/share/man/man1/mawk.1.gz --slave /usr/bin/nawk nawk /usr/bin/mawk --slave /usr/share/man/man1/nawk.1.gz nawk.1.gz /usr/share/man/man1/mawk.1.gz
update-alternatives 2026-05-21 15:18:52: link group awk updated to point to /usr/bin/mawk
update-alternatives 2026-05-21 15:20:44: run with --install /usr/bin/which which /usr/bin/which.debianutils 0 --slave /usr/share/man/man1/which.1.gz which.1.gz /usr/share/man/man1/which.debianutils.1.gz --slave /usr/share/man/de/man1/which.1.gz which.de1.gz /usr/share/man/de/man1/which.debianutils.1.gz --slave /usr/share/man/es/man1/which.1.gz which.es1.gz /usr/share/man/es/man1/which.debianutils.1.gz --slave /usr/share/man/fr/man1/which.1.gz which.fr1.gz /usr/share/man/fr/man1/which.debianutils.1.gz --slave /usr/share/man/it/man1/which.1.gz which.it1.gz /usr/share/man/it/man1/which.debianutils.1.gz --slave /usr/share/man/ja/man1/which.1.gz which.ja1.gz /usr/share/man/ja/man1/which.debianutils.1.gz --slave /usr/share/man/pl/man1/which.1.gz which.pl1.gz /usr/share/man/pl/man1/which.debianutils.1.gz --slave /usr/share/man/sl/man1/which.1.gz which.sl1.gz /usr/share/man/sl/man1/which.debianutils.1.gz
update-alternatives 2026-05-21 15:20:44: link group which updated to point to /usr/bin/which.debianutils
update-alternatives 2026-05-21 15:20:44: run with --install /usr/bin/awk awk /usr/bin/mawk 5 --slave /usr/share/man/man1/awk.1.gz awk.1.gz /usr/share/man/man1/mawk.1.gz --slave /usr/bin/nawk nawk /usr/bin/mawk --slave /usr/share/man/man1/nawk.1.gz nawk.1.gz /usr/share/man/man1/mawk.1.gz
update-alternatives 2026-05-21 15:20:46: run with --install /usr/share/man/man7/builtins.7.gz builtins.7.gz /usr/share/man/man7/bash-builtins.7.gz 10
update-alternatives 2026-05-21 15:20:46: link group builtins.7.gz updated to point to /usr/share/man/man7/bash-builtins.7.gz
update-alternatives 2026-05-21 15:21:01: run with --install /usr/sbin/rmt rmt /usr/sbin/rmt-tar 50 --slave /usr/share/man/man8/rmt.8.gz rmt.8.gz /usr/share/man/man8/rmt-tar.8.gz
update-alternatives 2026-05-21 15:21:01: link group rmt updated to point to /usr/sbin/rmt-tar
update-alternatives 2026-05-21 15:21:02: run with --install /usr/bin/pager pager /bin/more 50 --slave /usr/share/man/man1/pager.1.gz pager.1.gz /usr/share/man/man1/more.1.gz
update-alternatives 2026-05-21 15:21:02: link group pager updated to point to /bin/more
update-alternatives 2026-05-21 15:30:05: run with --install /bin/mt mt /bin/mt-gnu 10 --slave /usr/share/man/man1/mt.1.gz mt.1.gz /usr/share/man/man1/mt-gnu.1.gz
update-alternatives 2026-05-21 15:30:05: link group mt updated to point to /bin/mt-gnu
update-alternatives 2026-05-21 15:30:12: run with --install /lib/firmware/regulatory.db regulatory.db /lib/firmware/regulatory.db-debian 100 --slave /lib/firmware/regulatory.db.p7s regulatory.db.p7s /lib/firmware/regulatory.db.p7s-debian
update-alternatives 2026-05-21 15:30:12: link group regulatory.db updated to point to /lib/firmware/regulatory.db-debian
update-alternatives 2026-05-21 15:30:13: run with --install /lib/firmware/regulatory.db regulatory.db /lib/firmware/regulatory.db-upstream 50 --slave /lib/firmware/regulatory.db.p7s regulatory.db.p7s /lib/firmware/regulatory.db.p7s-upstream
update-alternatives 2026-05-21 15:30:46: run with --install /usr/bin/lzma lzma /usr/bin/xz 20 --slave /usr/share/man/man1/lzma.1.gz lzma.1.gz /usr/share/man/man1/xz.1.gz --slave /usr/bin/unlzma unlzma /usr/bin/unxz --slave /usr/share/man/man1/unlzma.1.gz unlzma.1.gz /usr/share/man/man1/unxz.1.gz --slave /usr/bin/lzcat lzcat /usr/bin/xzcat --slave /usr/share/man/man1/lzcat.1.gz lzcat.1.gz /usr/share/man/man1/xzcat.1.gz --slave /usr/bin/lzmore lzmore /usr/bin/xzmore --slave /usr/share/man/man1/lzmore.1.gz lzmore.1.gz /usr/share/man/man1/xzmore.1.gz --slave /usr/bin/lzless lzless /usr/bin/xzless --slave /usr/share/man/man1/lzless.1.gz lzless.1.gz /usr/share/man/man1/xzless.1.gz --slave /usr/bin/lzdiff lzdiff /usr/bin/xzdiff --slave /usr/share/man/man1/lzdiff.1.gz lzdiff.1.gz /usr/share/man/man1/xzdiff.1.gz --slave /usr/bin/lzcmp lzcmp /usr/bin/xzcmp --slave /usr/share/man/man1/lzcmp.1.gz lzcmp.1.gz /usr/share/man/man1/xzcmp.1.gz --slave /usr/bin/lzgrep lzgrep /usr/bin/xzgrep --slave /usr/share/man/man1/lzgrep.1.gz lzgrep.1.gz /usr/share/man/man1/xzgrep.1.gz --slave /usr/bin/lzegrep lzegrep /usr/bin/xzegrep --slave /usr/share/man/man1/lzegrep.1.gz lzegrep.1.gz /usr/share/man/man1/xzegrep.1.gz --slave /usr/bin/lzfgrep lzfgrep /usr/bin/xzfgrep --slave /usr/share/man/man1/lzfgrep.1.gz lzfgrep.1.gz /usr/share/man/man1/xzfgrep.1.gz
update-alternatives 2026-05-21 15:30:46: link group lzma updated to point to /usr/bin/xz
update-alternatives 2026-05-21 15:30:59: run with --install /usr/bin/editor editor /bin/nano 40 --slave /usr/share/man/man1/editor.1.gz editor.1.gz /usr/share/man/man1/nano.1.gz
update-alternatives 2026-05-21 15:30:59: link group editor updated to point to /bin/nano
update-alternatives 2026-05-21 15:30:59: run with --install /usr/bin/pico pico /bin/nano 10 --slave /usr/share/man/man1/pico.1.gz pico.1.gz /usr/share/man/man1/nano.1.gz
update-alternatives 2026-05-21 15:30:59: link group pico updated to point to /bin/nano
update-alternatives 2026-05-21 15:31:02: run with --install /usr/bin/yacc yacc /usr/bin/bison.yacc 100 --slave /usr/share/man/man1/yacc.1.gz yaccman /usr/share/man/man1/bison.yacc.1.gz
update-alternatives 2026-05-21 15:31:02: link group yacc updated to point to /usr/bin/bison.yacc
update-alternatives 2026-05-21 15:31:14: run with --install /usr/bin/editor editor /usr/bin/vim.basic 30 --slave /usr/share/man/man1/editor.1.gz editor.1.gz /usr/share/man/man1/vim.1.gz --slave /usr/share/man/da/man1/editor.1.gz editor.da.1.gz /usr/share/man/da/man1/vim.1.gz --slave /usr/share/man/de/man1/editor.1.gz editor.de.1.gz /usr/share/man/de/man1/vim.1.gz --slave /usr/share/man/fr/man1/editor.1.gz editor.fr.1.gz /usr/share/man/fr/man1/vim.1.gz --slave /usr/share/man/it/man1/editor.1.gz editor.it.1.gz /usr/share/man/it/man1/vim.1.gz --slave /usr/share/man/ja/man1/editor.1.gz editor.ja.1.gz /usr/share/man/ja/man1/vim.1.gz --slave /usr/share/man/pl/man1/editor.1.gz editor.pl.1.gz /usr/share/man/pl/man1/vim.1.gz --slave /usr/share/man/ru/man1/editor.1.gz editor.ru.1.gz /usr/share/man/ru/man1/vim.1.gz --slave /usr/share/man/tr/man1/editor.1.gz editor.tr.1.gz /usr/share/man/tr/man1/vim.1.gz
update-alternatives 2026-05-21 15:31:14: run with --install /usr/bin/ex ex /usr/bin/vim.basic 30 --slave /usr/share/man/man1/ex.1.gz ex.1.gz /usr/share/man/man1/vim.1.gz --slave /usr/share/man/da/man1/ex.1.gz ex.da.1.gz /usr/share/man/da/man1/vim.1.gz --slave /usr/share/man/de/man1/ex.1.gz ex.de.1.gz /usr/share/man/de/man1/vim.1.gz --slave /usr/share/man/fr/man1/ex.1.gz ex.fr.1.gz /usr/share/man/fr/man1/vim.1.gz --slave /usr/share/man/it/man1/ex.1.gz ex.it.1.gz /usr/share/man/it/man1/vim.1.gz --slave /usr/share/man/ja/man1/ex.1.gz ex.ja.1.gz /usr/share/man/ja/man1/vim.1.gz --slave /usr/share/man/pl/man1/ex.1.gz ex.pl.1.gz /usr/share/man/pl/man1/vim.1.gz --slave /usr/share/man/ru/man1/ex.1.gz ex.ru.1.gz /usr/share/man/ru/man1/vim.1.gz --slave /usr/share/man/tr/man1/ex.1.gz ex.tr.1.gz /usr/share/man/tr/man1/vim.1.gz
update-alternatives 2026-05-21 15:31:14: link group ex updated to point to /usr/bin/vim.basic
update-alternatives 2026-05-21 15:31:15: run with --install /usr/bin/rview rview /usr/bin/vim.basic 30
update-alternatives 2026-05-21 15:31:15: link group rview updated to point to /usr/bin/vim.basic
update-alternatives 2026-05-21 15:31:15: run with --install /usr/bin/rvim rvim /usr/bin/vim.basic 30
update-alternatives 2026-05-21 15:31:15: link group rvim updated to point to /usr/bin/vim.basic
update-alternatives 2026-05-21 15:31:15: run with --install /usr/bin/vi vi /usr/bin/vim.basic 30 --slave /usr/share/man/man1/vi.1.gz vi.1.gz /usr/share/man/man1/vim.1.gz --slave /usr/share/man/da/man1/vi.1.gz vi.da.1.gz /usr/share/man/da/man1/vim.1.gz --slave /usr/share/man/de/man1/vi.1.gz vi.de.1.gz /usr/share/man/de/man1/vim.1.gz --slave /usr/share/man/fr/man1/vi.1.gz vi.fr.1.gz /usr/share/man/fr/man1/vim.1.gz --slave /usr/share/man/it/man1/vi.1.gz vi.it.1.gz /usr/share/man/it/man1/vim.1.gz --slave /usr/share/man/ja/man1/vi.1.gz vi.ja.1.gz /usr/share/man/ja/man1/vim.1.gz --slave /usr/share/man/pl/man1/vi.1.gz vi.pl.1.gz /usr/share/man/pl/man1/vim.1.gz --slave /usr/share/man/ru/man1/vi.1.gz vi.ru.1.gz /usr/share/man/ru/man1/vim.1.gz --slave /usr/share/man/tr/man1/vi.1.gz vi.tr.1.gz /usr/share/man/tr/man1/vim.1.gz
update-alternatives 2026-05-21 15:31:15: link group vi updated to point to /usr/bin/vim.basic
update-alternatives 2026-05-21 15:31:15: run with --install /usr/bin/view view /usr/bin/vim.basic 30 --slave /usr/share/man/man1/view.1.gz view.1.gz /usr/share/man/man1/vim.1.gz --slave /usr/share/man/da/man1/view.1.gz view.da.1.gz /usr/share/man/da/man1/vim.1.gz --slave /usr/share/man/de/man1/view.1.gz view.de.1.gz /usr/share/man/de/man1/vim.1.gz --slave /usr/share/man/fr/man1/view.1.gz view.fr.1.gz /usr/share/man/fr/man1/vim.1.gz --slave /usr/share/man/it/man1/view.1.gz view.it.1.gz /usr/share/man/it/man1/vim.1.gz --slave /usr/share/man/ja/man1/view.1.gz view.ja.1.gz /usr/share/man/ja/man1/vim.1.gz --slave /usr/share/man/pl/man1/view.1.gz view.pl.1.gz /usr/share/man/pl/man1/vim.1.gz --slave /usr/share/man/ru/man1/view.1.gz view.ru.1.gz /usr/share/man/ru/man1/vim.1.gz --slave /usr/share/man/tr/man1/view.1.gz view.tr.1.gz /usr/share/man/tr/man1/vim.1.gz
update-alternatives 2026-05-21 15:31:15: link group view updated to point to /usr/bin/vim.basic
update-alternatives 2026-05-21 15:31:15: run with --install /usr/bin/vim vim /usr/bin/vim.basic 30
update-alternatives 2026-05-21 15:31:15: link group vim updated to point to /usr/bin/vim.basic
update-alternatives 2026-05-21 15:31:15: run with --install /usr/bin/vimdiff vimdiff /usr/bin/vim.basic 30
update-alternatives 2026-05-21 15:31:15: link group vimdiff updated to point to /usr/bin/vim.basic
update-alternatives 2026-05-21 15:32:18: run with --quiet --install /lib/cpp cpp /usr/bin/cpp 10
update-alternatives 2026-05-21 15:32:18: link group cpp updated to point to /usr/bin/cpp
update-alternatives 2026-05-21 15:33:01: run with --quiet --install /usr/bin/cc cc /usr/bin/gcc 20
update-alternatives 2026-05-21 15:33:01: link group cc updated to point to /usr/bin/gcc
update-alternatives 2026-05-21 15:33:01: run with --quiet --install /usr/bin/c89 c89 /usr/bin/c89-gcc 20 --slave /usr/share/man/man1/c89.1.gz c89.1.gz /usr/share/man/man1/c89-gcc.1.gz
update-alternatives 2026-05-21 15:33:01: link group c89 updated to point to /usr/bin/c89-gcc
update-alternatives 2026-05-21 15:33:01: run with --quiet --install /usr/bin/c99 c99 /usr/bin/c99-gcc 20 --slave /usr/share/man/man1/c99.1.gz c99.1.gz /usr/share/man/man1/c99-gcc.1.gz
update-alternatives 2026-05-21 15:33:01: link group c99 updated to point to /usr/bin/c99-gcc
update-alternatives 2026-05-21 15:33:02: run with --install /usr/bin/x-terminal-emulator x-terminal-emulator /usr/bin/xterm 20 --slave /usr/share/man/man1/x-terminal-emulator.1.gz x-terminal-emulator.1.gz /usr/share/man/man1/xterm.1.gz
update-alternatives 2026-05-21 15:33:02: link group x-terminal-emulator updated to point to /usr/bin/xterm
update-alternatives 2026-05-21 15:33:03: run with --install /usr/bin/x-terminal-emulator x-terminal-emulator /usr/bin/uxterm 20 --slave /usr/share/man/man1/x-terminal-emulator.1.gz x-terminal-emulator.1.gz /usr/share/man/man1/uxterm.1.gz
update-alternatives 2026-05-21 15:33:03: run with --install /usr/bin/x-terminal-emulator x-terminal-emulator /usr/bin/koi8rxterm 20 --slave /usr/share/man/man1/x-terminal-emulator.1.gz x-terminal-emulator.1.gz /usr/share/man/man1/koi8rxterm.1.gz
update-alternatives 2026-05-21 15:33:03: run with --install /usr/bin/x-terminal-emulator x-terminal-emulator /usr/bin/lxterm 30 --slave /usr/share/man/man1/x-terminal-emulator.1.gz x-terminal-emulator.1.gz /usr/share/man/man1/lxterm.1.gz
update-alternatives 2026-05-21 15:33:03: link group x-terminal-emulator updated to point to /usr/bin/lxterm
update-alternatives 2026-05-21 15:34:21: run with --install /usr/bin/c++ c++ /usr/bin/g++ 20
update-alternatives 2026-05-21 15:34:21: link group c++ updated to point to /usr/bin/g++
